// Jest Snapshot v1, https://goo.gl/fbAQLP

exports[`PokemonCardComponent snapshots 1`] = `
<link
  href="/pokemons/bulbasaur"
  passHref={true}
>
  <a
    className="pokemon-card-component"
    role="link"
    tabIndex={0}
  >
    <div
      className="pokemon-card-component__backdrop"
      style={
        Object {
          "backgroundColor": undefined,
        }
      }
    />
    <span
      className="pokemon-card-component__title"
    >
      bulbasaur
    </span>
    <div
      className="pokemon-card-component__image"
    />
  </a>
</link>
`;
