// Jest Snapshot v1, https://goo.gl/fbAQLP

exports[`PokemonDetailComponent snapshots 1`] = `
<div
  className="pokemon-detail-component"
  style={
    Object {
      "--background-color": "green",
    }
  }
>
  <div
    className="pokemon-detail-component__backdrop"
  />
  <div
    className="pokemon-detail-component__card"
  >
    <div
      className="pokemon-detail-component__image"
    >
      <img
        alt="bulbasaur"
        draggable={false}
        layout="fill"
        src="https://raw.githubusercontent.com/PokeAPI/sprites/master/sprites/pokemon/other/dream-world/1.svg"
      />
    </div>
    <div
      className="pokemon-detail-component__description"
    >
      <div
        className="pokemon-detail-component__heading"
      >
        <h1>
          bulbasaur
           - #
          001
        </h1>
      </div>
      <div>
        <h2>
          Basic information
        </h2>
        <b>
          Weight: 
        </b>
        <span>
          50
        </span>
        <br />
        <b>
          Height: 
        </b>
        <span>
          50
        </span>
      </div>
    </div>
  </div>
</div>
`;
